// Jest Snapshot v1, https://goo.gl/fbAQLP

exports[`query should set null or undefined to empty string: iterator 1`] = `"/?a=&b=&c=0"`;

exports[`query should set null or undefined to empty string: plain 1`] = `"/?a=&b=&c=0"`;

exports[`query should work without options 1`] = `"/api"`;
