// Jest Snapshot v1, https://goo.gl/fbAQLP

exports[`query should work without options 1`] = `"/api"`;
